*****************************************************************
      SolidWorks Corporation - IGES Prozesssor Status-Bericht
*****************************************************************
=================================================================
Allgemeine Informationen
=================================================================
Senden der System-Produktkennung: 01 MAIN ASM Ender_3.SLDASM
Erhalt der System-Produktkennung: 01 MAIN ASM Ender_3.SLDASM
Dateiname: G:\Solidworks CAD I\Ender-3 CAD\Ender 3 Export\Ender 3 CAD IGS\01 MAIN ASM Ender_3.IGS
Versandsystem: SolidWorks 2015
Präprozessor-Version: SolidWorks 2015
Datum der Dateierstellung: 180817.085409
Datum der Modellerstellung: 180817.085409
Einheiten: MM
Modellraummaßstab: 1
Verfasser: Poseidon
Firma                 : 


=================================================================
Elementverarbeitungsinformationen
=================================================================


=================================================================
Präzisionsanalyse von IGES Datei:
=================================================================
  Häufigste Anzahl an signifikanten Stellen:               1
  Höchste Zahl von signifikanten Stellen:                     13
  Durchschnittliche Zahl an signifikanten Stellen:                3.78914
  Maximaler Abstand zum Ursprung:                          1019.53
  Minimaler Abstand zum Ursprung:                                0
  Effektive Zahl an an signifikanten Stellen:                   13


=================================================================
Elementzusammenfassung
=================================================================
-----------------------------------------------------------------
Typname                                         Menge konvertiert
---- ----                                         ----- ---------
100  Arc                                          13942     13942
102  Composite curve                              20366     20366
110  Line                                         33866     33866
120  Surface of revolution                         3789      3789
124  Transformation matrix                        11716     11716
126  Rational B-spline curve                      58533     58533
128  Rational B-spline surface                     5286      5286
142  Curve on a parametric surface                10183     10183
144  Trimmed parametric surface                    9075      9075
308  Subfigure definition                            99        99
314  Color definition                              6464      6464
408  Singular subfigure instance                    300       300
_________________________________________________________________


=================================================================
Ergebniszusammenfassung
=================================================================
SolidWorks Feature-Typ                Anzahl
-----------------------                -----
Volumenkörper-Feature(s)                       116
Oberflächen-Feature(s)                     0
Kurven-/Skizzen-Feature(s)                0
--------------------------------------------
Startzeit: Freitag, August 17, 2018 08:54:37
Fertigstellungszeit: Freitag, August 17, 2018 08:56:05
Verarbeitungszeit: 0 days, 00 hours, 01 mins, 28 secs
